// Jest Snapshot v1, https://goo.gl/fbAQLP

exports[`Match the snapshot - Due message 1`] = `
<div
  className="makeStyles-position-2"
>
  <h3
    className="MuiTypography-root MuiTypography-h3"
  >
    Add A To Do
  </h3>
  <input
    className="makeStyles-inputstyle-3"
    onChange={[Function]}
    placeholder="enter a to do task"
    required={true}
    type="text"
  />
  <br />
  <br />
  <input
    className="makeStyles-inputstyle-3"
    onChange={[Function]}
    placeholder="enter due date"
    required={true}
    type="text"
  />
  <br />
  <br />
  <button
    className="MuiButtonBase-root MuiButton-root MuiButton-text makeStyles-root-1"
    date=""
    disabled={false}
    message=""
    onBlur={[Function]}
    onClick={[Function]}
    onDragLeave={[Function]}
    onFocus={[Function]}
    onKeyDown={[Function]}
    onKeyUp={[Function]}
    onMouseDown={[Function]}
    onMouseLeave={[Function]}
    onMouseUp={[Function]}
    onTouchEnd={[Function]}
    onTouchMove={[Function]}
    onTouchStart={[Function]}
    tabIndex={0}
    type="button"
  >
    <span
      className="MuiButton-label"
    >
      Submit
    </span>
  </button>
</div>
`;
