// Jest Snapshot v1, https://goo.gl/fbAQLP

exports[`Match the snapshot - DeleteButton 1`] = `
<button
  className="MuiButtonBase-root MuiButton-root MuiButton-contained MuiButton-containedSecondary"
  disabled={false}
  onBlur={[Function]}
  onDragLeave={[Function]}
  onFocus={[Function]}
  onKeyDown={[Function]}
  onKeyUp={[Function]}
  onMouseDown={[Function]}
  onMouseLeave={[Function]}
  onMouseUp={[Function]}
  onTouchEnd={[Function]}
  onTouchMove={[Function]}
  onTouchStart={[Function]}
  tabIndex={0}
  type="button"
>
  <span
    className="MuiButton-label"
  >
    Delete
  </span>
</button>
`;
