// Jest Snapshot v1, https://goo.gl/fbAQLP

exports[`Match the snapshot - ToDoMessage 1`] = `
<div>
  <h4
    className="MuiTypography-root MuiTypography-h4"
    data-testid="ToDoMessage"
  />
</div>
`;
