// Jest Snapshot v1, https://goo.gl/fbAQLP

exports[`Match the snapshot - Due message 1`] = `
<p
  className="MuiTypography-root MuiTypography-body1 MuiTypography-colorTextSecondary MuiTypography-gutterBottom"
  data-testid="duetext"
/>
`;
